[1] module "m" parent=- lines=1-24
[2] function "m.simple_decorator" parent=1 lines=1-2
    sig: def simple_decorator(f):
[3] function "m.parametrized" parent=1 lines=5-8
    sig: def parametrized(arg):
[4] function "m.parametrized.<locals>.wrap" parent=3 lines=6-7
    sig: def wrap(f):
[5] function "m.decorated_function" parent=1 lines=11-15
    sig: @simple_decorator\n@parametrized("x")\ndef decorated_function():
    doc: Decorated function doc.
[6] class "m.Widget" parent=1 lines=18-23
    sig: class Widget:
[7] method "m.Widget.stacked_method" parent=6 lines=19-23
    sig: @simple_decorator\n    @parametrized("y")\n    @parametrized("z")\n    def stacked_method(self):
